loading lfm2.5-vl-450m …
loaded in 2.5s — 27 task(s)
sampling: greedy
[  1/ 27] ok   general-bridge|w000|open (2036ms)
[  2/ 27] ok   general-bridge|w012|open (1243ms)
[  3/ 27] ok   general-bridge|w013|open (1206ms)
[  4/ 27] ok   general-bridge|w014|open (1117ms)
[  5/ 27] ok   general-bridge|w015|open (1139ms)
[  6/ 27] ok   general-bridge|w024|open (1140ms)
[  7/ 27] ok   general-bridge|w036|open (1118ms)
[  8/ 27] ok   general-cannon|w000|open (1081ms)
[  9/ 27] ok   general-cannon|w012|open (1032ms)
[ 10/ 27] ok   general-cannon|w024|open (1017ms)
[ 11/ 27] ok   general-cannon|w035|open (1040ms)
[ 12/ 27] ok   general-cannon|w036|open (1060ms)
[ 13/ 27] ok   general-cannon|w037|open (1117ms)
[ 14/ 27] ok   general-cannon|w038|open (1057ms)
[ 15/ 27] ok   general-cannon|w039|open (1044ms)
[ 16/ 27] ok   general-cannon|w040|open (1003ms)
[ 17/ 27] ok   general-cannon|w041|open (857ms)
[ 18/ 27] ok   general-cannon|w042|open (924ms)
[ 19/ 27] ok   general-cannon|w043|open (857ms)
[ 20/ 27] ok   general-cannon|w044|open (851ms)
[ 21/ 27] ok   general-cannon|w045|open (859ms)
[ 22/ 27] ok   general-cannon|w046|open (858ms)
[ 23/ 27] ok   general-cannon|w047|open (857ms)
[ 24/ 27] ok   general-cannon|w048|open (857ms)
[ 25/ 27] ok   general-cannon|w060|open (863ms)
[ 26/ 27] ok   general-cannon|w072|open (864ms)
[ 27/ 27] ok   general-cannon|w084|open (864ms)
done — 27/27 ok, output runs/macmirror/lfm2.5-vl-450m.jsonl
